// Jest Snapshot v1, https://goo.gl/fbAQLP

exports[`Favorites should match snapshot 1`] = `
<div>
  <div
    class="sc-c8ddd29-0 iFqajX"
  >
    <img
      alt="Studio Ghibli logo"
      class="sc-c8ddd29-1 bMwEkK"
      height="72"
      src="/assets/studio-ghibli-logo.webp"
      width="128"
    />
    <nav>
      <a
        class="sc-c8ddd29-2 fflUWz"
        href="/"
      >
        Home
      </a>
      <a
        class="sc-c8ddd29-2 etVLLE"
        href="/favorites"
      >
        Favorites
      </a>
    </nav>
  </div>
  <h2
    class="sc-450df110-0 gFJcJn"
  >
    Favorites
  </h2>
  <div
    class="sc-29dbae42-0 jReOdp"
  >
    <a
      class="sc-8c092beb-0 cDXLon"
      data-testid="movie-card-container"
      href="/movies/234"
    >
      <img
        alt="Title test movie banner"
        class="sc-8c092beb-1 iJlXHw"
        data-testid="movie-banner"
        src="/assets/studio-ghibli-logo.webp"
      />
      <div
        class="sc-8c092beb-2 gVYvVF"
      >
        <span
          class="sc-8c092beb-3 iXvlkX"
        >
          Title test
          <div
            class="sc-ade4b8be-1 kbXxyf"
          >
            <div
              class="sc-ade4b8be-0 jUqyaW"
            >
              Remove favorite
            </div>
            <button
              class="sc-8c092beb-5 cREqlB"
              data-testid="favorite-btn"
              type="button"
            >
              <svg
                data-testid="favorited"
                fill="currentColor"
                height="1em"
                stroke="currentColor"
                stroke-width="0"
                viewBox="0 0 1024 1024"
                width="1em"
                xmlns="http://www.w3.org/2000/svg"
              >
                <path
                  d="M923 283.6a260.04 260.04 0 0 0-56.9-82.8 264.4 264.4 0 0 0-84-55.5A265.34 265.34 0 0 0 679.7 125c-49.3 0-97.4 13.5-139.2 39-10 6.1-19.5 12.8-28.5 20.1-9-7.3-18.5-14-28.5-20.1-41.8-25.5-89.9-39-139.2-39-35.5 0-69.9 6.8-102.4 20.3-31.4 13-59.7 31.7-84 55.5a258.44 258.44 0 0 0-56.9 82.8c-13.9 32.3-21 66.6-21 101.9 0 33.3 6.8 68 20.3 103.3 11.3 29.5 27.5 60.1 48.2 91 32.8 48.9 77.9 99.9 133.9 151.6 92.8 85.7 184.7 144.9 188.6 147.3l23.7 15.2c10.5 6.7 24 6.7 34.5 0l23.7-15.2c3.9-2.5 95.7-61.6 188.6-147.3 56-51.7 101.1-102.7 133.9-151.6 20.7-30.9 37-61.5 48.2-91 13.5-35.3 20.3-70 20.3-103.3.1-35.3-7-69.6-20.9-101.9z"
                />
              </svg>
            </button>
          </div>
        </span>
        <span
          class="sc-8c092beb-4 gAARqp"
        >
          Original title test
        </span>
        <span
          class="sc-8c092beb-6 dawAhA"
        >
          <strong>
            Director:
          </strong>
           
          Director test
        </span>
        <p
          class="sc-8c092beb-7 rPwoM"
        >
          Description test
        </p>
      </div>
    </a>
    <a
      class="sc-8c092beb-0 cDXLon"
      data-testid="movie-card-container"
      href="/movies/2345"
    >
      <img
        alt="Title test 2 movie banner"
        class="sc-8c092beb-1 iJlXHw"
        data-testid="movie-banner"
        src="/assets/studio-ghibli-logo.webp"
      />
      <div
        class="sc-8c092beb-2 gVYvVF"
      >
        <span
          class="sc-8c092beb-3 iXvlkX"
        >
          Title test 2
          <div
            class="sc-ade4b8be-1 kbXxyf"
          >
            <div
              class="sc-ade4b8be-0 jUqyaW"
            >
              Remove favorite
            </div>
            <button
              class="sc-8c092beb-5 cREqlB"
              data-testid="favorite-btn"
              type="button"
            >
              <svg
                data-testid="favorited"
                fill="currentColor"
                height="1em"
                stroke="currentColor"
                stroke-width="0"
                viewBox="0 0 1024 1024"
                width="1em"
                xmlns="http://www.w3.org/2000/svg"
              >
                <path
                  d="M923 283.6a260.04 260.04 0 0 0-56.9-82.8 264.4 264.4 0 0 0-84-55.5A265.34 265.34 0 0 0 679.7 125c-49.3 0-97.4 13.5-139.2 39-10 6.1-19.5 12.8-28.5 20.1-9-7.3-18.5-14-28.5-20.1-41.8-25.5-89.9-39-139.2-39-35.5 0-69.9 6.8-102.4 20.3-31.4 13-59.7 31.7-84 55.5a258.44 258.44 0 0 0-56.9 82.8c-13.9 32.3-21 66.6-21 101.9 0 33.3 6.8 68 20.3 103.3 11.3 29.5 27.5 60.1 48.2 91 32.8 48.9 77.9 99.9 133.9 151.6 92.8 85.7 184.7 144.9 188.6 147.3l23.7 15.2c10.5 6.7 24 6.7 34.5 0l23.7-15.2c3.9-2.5 95.7-61.6 188.6-147.3 56-51.7 101.1-102.7 133.9-151.6 20.7-30.9 37-61.5 48.2-91 13.5-35.3 20.3-70 20.3-103.3.1-35.3-7-69.6-20.9-101.9z"
                />
              </svg>
            </button>
          </div>
        </span>
        <span
          class="sc-8c092beb-4 gAARqp"
        >
          Original title test 2
        </span>
        <span
          class="sc-8c092beb-6 dawAhA"
        >
          <strong>
            Director:
          </strong>
           
          Director test 2
        </span>
        <p
          class="sc-8c092beb-7 rPwoM"
        >
          Description test 2
        </p>
      </div>
    </a>
  </div>
</div>
`;
