// Jest Snapshot v1, https://goo.gl/fbAQLP

exports[`Movie should match snapshot 1`] = `
<div>
  <div
    class="sc-5ad07d5-0 bLYghj"
  >
    <div
      class="sc-c8ddd29-0 iFqajX"
    >
      <img
        alt="Studio Ghibli logo"
        class="sc-c8ddd29-1 bMwEkK"
        height="72"
        src="/assets/studio-ghibli-logo.webp"
        width="128"
      />
      <nav>
        <a
          class="sc-c8ddd29-2 fflUWz"
          href="/"
        >
          Home
        </a>
        <a
          class="sc-c8ddd29-2 fflUWz"
          href="/favorites"
        >
          Favorites
        </a>
      </nav>
    </div>
    <div
      class="sc-c0d3bbf4-0 gIUZqm"
    >
      <h2
        class="sc-c0d3bbf4-1 jBqMiD"
      >
        Title test
      </h2>
      <div
        class="sc-c0d3bbf4-2 kpXWtk"
      >
        <div
          class="sc-c0d3bbf4-3 bCPdBq"
        >
          <svg
            fill="currentColor"
            height="1em"
            role="img"
            stroke="currentColor"
            stroke-width="0"
            viewBox="0 0 24 24"
            width="1em"
            xmlns="http://www.w3.org/2000/svg"
          >
            <title />
            <path
              d="M5.866 0L4.335 1.262l2.082 1.8c-2.629-.989-4.842 1.4-5.012 2.338 1.384-.323 2.24-.422 3.344-.335-7.042 4.634-4.978 13.148-1.434 16.094 5.784 4.612 13.77 3.202 17.91-1.316C27.26 13.363 22.993.65 10.86 2.766c.107-1.17.633-1.503 1.243-1.602-.89-1.493-3.67-.734-4.556 1.374C7.52 2.602 5.866 0 5.866 0zM4.422 7.217H6.9c2.673 0 2.898.012 3.55.202 1.06.307 1.868.973 2.313 1.904.05.106.092.206.13.305l7.623.008.027 2.912-2.745-.024v7.549l-2.982-.016v-7.522l-2.127.016a2.92 2.92 0 0 1-1.056 1.134c-.287.176-.3.19-.254.264.127.2 2.125 3.642 2.125 3.659l-3.39.019-2.013-3.376c-.034-.047-.122-.068-.344-.084l-.297-.02.037 3.48-3.075-.038zm3.016 2.288l.024.338c.014.186.024.729.024 1.206v.867l.582-.025c.32-.013.695-.049.833-.078.694-.146 1.048-.478 1.087-1.018.027-.378-.063-.636-.303-.87-.318-.309-.761-.416-1.733-.418Z"
            />
          </svg>
           
          90
          %
        </div>
        <button
          class="sc-c0d3bbf4-4 kltpfA"
        >
          <svg
            fill="currentColor"
            height="1em"
            stroke="currentColor"
            stroke-width="0"
            viewBox="0 0 16 16"
            width="1em"
            xmlns="http://www.w3.org/2000/svg"
          >
            <path
              d="M8 1.314C12.438-3.248 23.534 4.735 8 15-7.534 4.736 3.562-3.248 8 1.314z"
              fill-rule="evenodd"
            />
          </svg>
           Favorite
        </button>
      </div>
    </div>
    <div
      class="sc-c0d3bbf4-5 dEmzL"
    >
      <span
        class="sc-c0d3bbf4-6 jiKiFF"
      >
        Description
      </span>
      <p
        class="sc-c0d3bbf4-7 hrxycD"
      >
        Description test
      </p>
      <div
        class="sc-c0d3bbf4-8 dsjlIu"
      >
        <span>
          <strong>
            Director: 
          </strong>
          Director test
        </span>
        <span>
          <strong>
            Producer: 
          </strong>
          Producer test
        </span>
        <span>
          <strong>
            Release date: 
          </strong>
          1980
        </span>
      </div>
      <span
        class="sc-c0d3bbf4-6 jiKiFF"
      >
        Cast
      </span>
      <div
        class="sc-c0d3bbf4-9 eqnGbk"
      >
        <div
          class="sc-e5673028-0 fnXhTa"
        >
          <img
            alt="Person 1's photo"
            class="sc-e5673028-2 cdofYZ"
            height="4rem"
            src="/assets/user-placeholder.png"
            width="4rem"
          />
          <div
            class="sc-e5673028-1 gsSUVD"
          >
            <p>
              Person 1
            </p>
            <span>
              Age: 12
            </span>
            <span>
              Female
            </span>
          </div>
        </div>
        <div
          class="sc-e5673028-0 fnXhTa"
        >
          <img
            alt="Person 2's photo"
            class="sc-e5673028-2 cdofYZ"
            height="4rem"
            src="/assets/user-placeholder.png"
            width="4rem"
          />
          <div
            class="sc-e5673028-1 gsSUVD"
          >
            <p>
              Person 2
            </p>
            <span>
              Age: 13
            </span>
            <span>
              Female
            </span>
          </div>
        </div>
      </div>
    </div>
  </div>
</div>
`;
